// Jest Snapshot v1, https://goo.gl/fbAQLP

exports[`Renders correctly 1`] = `
Object {
  "asFragment": [Function],
  "baseElement": <body>
    <div>
      <div
        class="App"
      >
        <div
          class="App-header"
        >
          <nav
            class="justify-content-center navbar navbar-expand navbar-light bg-transparent fixed-top"
          >
            <span
              class="navbar-text"
              style="color: white;"
            >
              Simple Clock
            </span>
          </nav>
          <div
            class="container"
          >
            <div
              class="row"
            >
              <div
                class="col"
              >
                <div>
                  <div
                    class="fade alert alert-danger alert-dismissible show"
                    role="alert"
                  >
                    <button
                      class="close"
                      type="button"
                    >
                      <span
                        aria-hidden="true"
                      >
                        ×
                      </span>
                      <span
                        class="sr-only"
                      >
                        Close alert
                      </span>
                    </button>
                    <p>
                      Failed to load illustration
                    </p>
                  </div>
                </div>
                <div
                  class="custom-container container"
                >
                  <div
                    class="row"
                  >
                    <div
                      class="col"
                    >
                      <div
                        class="card-container card"
                      >
                        <div
                          class="card-body"
                        >
                          <div
                            class="row no-gutters"
                          >
                            <div
                              class="col"
                            >
                              17
                            </div>
                            <div
                              class="border-right border-left col"
                            >
                              45
                            </div>
                            <div
                              class="border-right border-left col"
                            >
                              53
                            </div>
                            <div
                              class="col"
                            />
                          </div>
                        </div>
                      </div>
                    </div>
                  </div>
                </div>
              </div>
            </div>
          </div>
        </div>
      </div>
    </div>
  </body>,
  "container": <div>
    <div
      class="App"
    >
      <div
        class="App-header"
      >
        <nav
          class="justify-content-center navbar navbar-expand navbar-light bg-transparent fixed-top"
        >
          <span
            class="navbar-text"
            style="color: white;"
          >
            Simple Clock
          </span>
        </nav>
        <div
          class="container"
        >
          <div
            class="row"
          >
            <div
              class="col"
            >
              <div>
                <div
                  class="fade alert alert-danger alert-dismissible show"
                  role="alert"
                >
                  <button
                    class="close"
                    type="button"
                  >
                    <span
                      aria-hidden="true"
                    >
                      ×
                    </span>
                    <span
                      class="sr-only"
                    >
                      Close alert
                    </span>
                  </button>
                  <p>
                    Failed to load illustration
                  </p>
                </div>
              </div>
              <div
                class="custom-container container"
              >
                <div
                  class="row"
                >
                  <div
                    class="col"
                  >
                    <div
                      class="card-container card"
                    >
                      <div
                        class="card-body"
                      >
                        <div
                          class="row no-gutters"
                        >
                          <div
                            class="col"
                          >
                            17
                          </div>
                          <div
                            class="border-right border-left col"
                          >
                            45
                          </div>
                          <div
                            class="border-right border-left col"
                          >
                            53
                          </div>
                          <div
                            class="col"
                          />
                        </div>
                      </div>
                    </div>
                  </div>
                </div>
              </div>
            </div>
          </div>
        </div>
      </div>
    </div>
  </div>,
  "debug": [Function],
  "findAllByAltText": [Function],
  "findAllByDisplayValue": [Function],
  "findAllByLabelText": [Function],
  "findAllByPlaceholderText": [Function],
  "findAllByRole": [Function],
  "findAllByTestId": [Function],
  "findAllByText": [Function],
  "findAllByTitle": [Function],
  "findByAltText": [Function],
  "findByDisplayValue": [Function],
  "findByLabelText": [Function],
  "findByPlaceholderText": [Function],
  "findByRole": [Function],
  "findByTestId": [Function],
  "findByText": [Function],
  "findByTitle": [Function],
  "getAllByAltText": [Function],
  "getAllByDisplayValue": [Function],
  "getAllByLabelText": [Function],
  "getAllByPlaceholderText": [Function],
  "getAllByRole": [Function],
  "getAllByTestId": [Function],
  "getAllByText": [Function],
  "getAllByTitle": [Function],
  "getByAltText": [Function],
  "getByDisplayValue": [Function],
  "getByLabelText": [Function],
  "getByPlaceholderText": [Function],
  "getByRole": [Function],
  "getByTestId": [Function],
  "getByText": [Function],
  "getByTitle": [Function],
  "queryAllByAltText": [Function],
  "queryAllByDisplayValue": [Function],
  "queryAllByLabelText": [Function],
  "queryAllByPlaceholderText": [Function],
  "queryAllByRole": [Function],
  "queryAllByTestId": [Function],
  "queryAllByText": [Function],
  "queryAllByTitle": [Function],
  "queryByAltText": [Function],
  "queryByDisplayValue": [Function],
  "queryByLabelText": [Function],
  "queryByPlaceholderText": [Function],
  "queryByRole": [Function],
  "queryByTestId": [Function],
  "queryByText": [Function],
  "queryByTitle": [Function],
  "rerender": [Function],
  "unmount": [Function],
}
`;
